{
  "PLLE2_ADV": {
    "CLKFBOUT_CLKOUT1_HIGH_TIME": "000110",
    "CLKFBOUT_CLKOUT1_LOW_TIME": "000110",
    "CLKFBOUT_CLKOUT1_OUTPUT_ENABLE": "1",
    "CLKFBOUT_CLKOUT1_PHASE_MUX": "000",
    "CLKFBOUT_CLKOUT2_DELAY_TIME": "000000",
    "CLKFBOUT_CLKOUT2_EDGE": "0",
    "CLKFBOUT_CLKOUT2_NO_COUNT": "0",
    "CLKOUT0_CLKOUT1_HIGH_TIME": "001010",
    "CLKOUT0_CLKOUT1_LOW_TIME": "001010",
    "CLKOUT0_CLKOUT1_OUTPUT_ENABLE": "1",
    "CLKOUT0_CLKOUT1_PHASE_MUX": "000",
    "CLKOUT0_CLKOUT2_DELAY_TIME": "000000",
    "CLKOUT0_CLKOUT2_EDGE": "0",
    "CLKOUT0_CLKOUT2_NO_COUNT": "0",
    "CLKOUT1_CLKOUT1_HIGH_TIME": "000010",
    "CLKOUT1_CLKOUT1_LOW_TIME": "000011",
    "CLKOUT1_CLKOUT1_OUTPUT_ENABLE": "1",
    "CLKOUT1_CLKOUT1_PHASE_MUX": "000",
    "CLKOUT1_CLKOUT2_DELAY_TIME": "000000",
    "CLKOUT1_CLKOUT2_EDGE": "1",
    "CLKOUT1_CLKOUT2_NO_COUNT": "0",
    "CLKOUT2_CLKOUT1_HIGH_TIME": "000010",
    "CLKOUT2_CLKOUT1_LOW_TIME": "000011",
    "CLKOUT2_CLKOUT1_OUTPUT_ENABLE": "0",
    "CLKOUT2_CLKOUT1_PHASE_MUX": "010",
    "CLKOUT2_CLKOUT2_DELAY_TIME": "000001",
    "CLKOUT2_CLKOUT2_EDGE": "1",
    "CLKOUT2_CLKOUT2_NO_COUNT": "0",
    "CLKOUT3_CLKOUT1_HIGH_TIME": "000011",
    "CLKOUT3_CLKOUT1_LOW_TIME": "000011",
    "CLKOUT3_CLKOUT1_OUTPUT_ENABLE": "0",
    "CLKOUT3_CLKOUT1_PHASE_MUX": "000",
    "CLKOUT3_CLKOUT2_DELAY_TIME": "000000",
    "CLKOUT3_CLKOUT2_EDGE": "0",
    "CLKOUT3_CLKOUT2_NO_COUNT": "0",
    "CLKOUT4_CLKOUT1_HIGH_TIME": "000001",
    "CLKOUT4_CLKOUT1_LOW_TIME": "000001",
    "CLKOUT4_CLKOUT1_OUTPUT_ENABLE": "0",
    "CLKOUT4_CLKOUT1_PHASE_MUX": "000",
    "CLKOUT4_CLKOUT2_DELAY_TIME": "000000",
    "CLKOUT4_CLKOUT2_EDGE": "0",
    "CLKOUT4_CLKOUT2_NO_COUNT": "1",
    "CLKOUT5_CLKOUT1_HIGH_TIME": "000001",
    "CLKOUT5_CLKOUT1_LOW_TIME": "000001",
    "CLKOUT5_CLKOUT1_OUTPUT_ENABLE": "0",
    "CLKOUT5_CLKOUT1_PHASE_MUX": "000",
    "CLKOUT5_CLKOUT2_DELAY_TIME": "000000",
    "CLKOUT5_CLKOUT2_EDGE": "0",
    "CLKOUT5_CLKOUT2_NO_COUNT": "1",
    "DIVCLK_DIVCLK_EDGE": "0",
    "DIVCLK_DIVCLK_HIGH_TIME": "000001",
    "DIVCLK_DIVCLK_LOW_TIME": "000001",
    "DIVCLK_DIVCLK_NO_COUNT": "1",
    "FILTREG1_RESERVED": "000000001000",
    "INV_CLKINSEL": "0",
    "LKTABLE": "1111111111110011100111111010010000000001",
    "LOCKREG3_RESERVED": "1",
    "STARTUP_WAIT": "0",
    "TABLE": "1111110100",
    "ZINV_PWRDWN": "1",
    "ZINV_RST": "0"
  },
  "PLLE2_ADV_0": {
    "CLKFBOUT_CLKOUT1_HIGH_TIME": "000110",
    "CLKFBOUT_CLKOUT1_LOW_TIME": "000110",
    "CLKFBOUT_CLKOUT1_OUTPUT_ENABLE": "1",
    "CLKFBOUT_CLKOUT1_PHASE_MUX": "000",
    "CLKFBOUT_CLKOUT2_DELAY_TIME": "000000",
    "CLKFBOUT_CLKOUT2_EDGE": "0",
    "CLKFBOUT_CLKOUT2_NO_COUNT": "0",
    "CLKOUT0_CLKOUT1_HIGH_TIME": "001010",
    "CLKOUT0_CLKOUT1_LOW_TIME": "001010",
    "CLKOUT0_CLKOUT1_OUTPUT_ENABLE": "1",
    "CLKOUT0_CLKOUT1_PHASE_MUX": "000",
    "CLKOUT0_CLKOUT2_DELAY_TIME": "000000",
    "CLKOUT0_CLKOUT2_EDGE": "0",
    "CLKOUT0_CLKOUT2_NO_COUNT": "0",
    "CLKOUT1_CLKOUT1_HIGH_TIME": "000010",
    "CLKOUT1_CLKOUT1_LOW_TIME": "000011",
    "CLKOUT1_CLKOUT1_OUTPUT_ENABLE": "1",
    "CLKOUT1_CLKOUT1_PHASE_MUX": "000",
    "CLKOUT1_CLKOUT2_DELAY_TIME": "000000",
    "CLKOUT1_CLKOUT2_EDGE": "1",
    "CLKOUT1_CLKOUT2_NO_COUNT": "0",
    "CLKOUT2_CLKOUT1_HIGH_TIME": "000010",
    "CLKOUT2_CLKOUT1_LOW_TIME": "000011",
    "CLKOUT2_CLKOUT1_OUTPUT_ENABLE": "0",
    "CLKOUT2_CLKOUT1_PHASE_MUX": "000",
    "CLKOUT2_CLKOUT2_DELAY_TIME": "000000",
    "CLKOUT2_CLKOUT2_EDGE": "1",
    "CLKOUT2_CLKOUT2_NO_COUNT": "0",
    "CLKOUT3_CLKOUT1_HIGH_TIME": "000011",
    "CLKOUT3_CLKOUT1_LOW_TIME": "000011",
    "CLKOUT3_CLKOUT1_OUTPUT_ENABLE": "0",
    "CLKOUT3_CLKOUT1_PHASE_MUX": "000",
    "CLKOUT3_CLKOUT2_DELAY_TIME": "000000",
    "CLKOUT3_CLKOUT2_EDGE": "0",
    "CLKOUT3_CLKOUT2_NO_COUNT": "0",
    "CLKOUT4_CLKOUT1_HIGH_TIME": "000001",
    "CLKOUT4_CLKOUT1_LOW_TIME": "000001",
    "CLKOUT4_CLKOUT1_OUTPUT_ENABLE": "0",
    "CLKOUT4_CLKOUT1_PHASE_MUX": "000",
    "CLKOUT4_CLKOUT2_DELAY_TIME": "000000",
    "CLKOUT4_CLKOUT2_EDGE": "0",
    "CLKOUT4_CLKOUT2_NO_COUNT": "1",
    "CLKOUT5_CLKOUT1_HIGH_TIME": "000001",
    "CLKOUT5_CLKOUT1_LOW_TIME": "000001",
    "CLKOUT5_CLKOUT1_OUTPUT_ENABLE": "0",
    "CLKOUT5_CLKOUT1_PHASE_MUX": "000",
    "CLKOUT5_CLKOUT2_DELAY_TIME": "000000",
    "CLKOUT5_CLKOUT2_EDGE": "0",
    "CLKOUT5_CLKOUT2_NO_COUNT": "1",
    "DIVCLK_DIVCLK_EDGE": "0",
    "DIVCLK_DIVCLK_HIGH_TIME": "000001",
    "DIVCLK_DIVCLK_LOW_TIME": "000001",
    "DIVCLK_DIVCLK_NO_COUNT": "1",
    "FILTREG1_RESERVED": "000000001000",
    "INV_CLKINSEL": "0",
    "LKTABLE": "1111111111110011100111111010010000000001",
    "LOCKREG3_RESERVED": "1",
    "STARTUP_WAIT": "0",
    "TABLE": "1111110100",
    "ZINV_PWRDWN": "1",
    "ZINV_RST": "0"
  }
}